127.0.0.1 - - [29/Jun/2025:23:23:50 +0800] "GET / HTTP/1.1" 302 5 "-" "curl/7.81.0"
127.0.0.1 - - [29/Jun/2025:23:24:20 +0800] "GET / HTTP/1.1" 200 30356 "-" "curl/7.81.0"
172.18.0.1 - - [29/Jun/2025:23:24:21 +0800] "GET / HTTP/1.1" 200 4949 "-" "Mozilla/5.0 (X11; Linux x86_64) AppleWebKit/537.36 (KHTML, like Gecko) Chrome/137.0.0.0 Safari/537.36"
172.18.0.1 - - [29/Jun/2025:23:24:29 +0800] "GET /admin.php HTTP/1.1" 200 1655 "http://localhost:19999/" "Mozilla/5.0 (X11; Linux x86_64) AppleWebKit/537.36 (KHTML, like Gecko) Chrome/137.0.0.0 Safari/537.36"
172.18.0.1 - - [29/Jun/2025:23:24:34 +0800] "POST /admin.php HTTP/1.1" 302 5 "http://localhost:19999/admin.php" "Mozilla/5.0 (X11; Linux x86_64) AppleWebKit/537.36 (KHTML, like Gecko) Chrome/137.0.0.0 Safari/537.36"
172.18.0.1 - - [29/Jun/2025:23:24:34 +0800] "GET /home/index.php HTTP/1.1" 200 14539 "http://localhost:19999/admin.php" "Mozilla/5.0 (X11; Linux x86_64) AppleWebKit/537.36 (KHTML, like Gecko) Chrome/137.0.0.0 Safari/537.36"
172.18.0.1 - - [29/Jun/2025:23:24:50 +0800] "GET /home/products.php HTTP/1.1" 200 3692 "http://localhost:19999/home/index.php" "Mozilla/5.0 (X11; Linux x86_64) AppleWebKit/537.36 (KHTML, like Gecko) Chrome/137.0.0.0 Safari/537.36"
127.0.0.1 - - [29/Jun/2025:23:24:51 +0800] "GET / HTTP/1.1" 200 30356 "-" "curl/7.81.0"
172.18.0.1 - - [29/Jun/2025:23:24:53 +0800] "GET /admin.php HTTP/1.1" 302 5 "-" "Mozilla/5.0 (X11; Linux x86_64) AppleWebKit/537.36 (KHTML, like Gecko) Chrome/137.0.0.0 Safari/537.36"
172.18.0.1 - - [29/Jun/2025:23:24:53 +0800] "GET /home/index.php HTTP/1.1" 200 14539 "-" "Mozilla/5.0 (X11; Linux x86_64) AppleWebKit/537.36 (KHTML, like Gecko) Chrome/137.0.0.0 Safari/537.36"
172.18.0.1 - - [29/Jun/2025:23:24:57 +0800] "GET /home/products.php HTTP/1.1" 200 3692 "http://localhost:19999/home/index.php" "Mozilla/5.0 (X11; Linux x86_64) AppleWebKit/537.36 (KHTML, like Gecko) Chrome/137.0.0.0 Safari/537.36"
172.18.0.1 - - [29/Jun/2025:23:25:10 +0800] "POST /home/products.php HTTP/1.1" 200 3815 "http://localhost:19999/home/products.php" "Mozilla/5.0 (X11; Linux x86_64) AppleWebKit/537.36 (KHTML, like Gecko) Chrome/137.0.0.0 Safari/537.36"
172.18.0.1 - - [29/Jun/2025:23:25:15 +0800] "GET /home/index.php HTTP/1.1" 200 14562 "http://localhost:19999/home/products.php" "Mozilla/5.0 (X11; Linux x86_64) AppleWebKit/537.36 (KHTML, like Gecko) Chrome/137.0.0.0 Safari/537.36"
172.18.0.1 - - [29/Jun/2025:23:25:20 +0800] "GET /home/stats.php HTTP/1.1" 200 2394 "http://localhost:19999/home/index.php" "Mozilla/5.0 (X11; Linux x86_64) AppleWebKit/537.36 (KHTML, like Gecko) Chrome/137.0.0.0 Safari/537.36"
127.0.0.1 - - [29/Jun/2025:23:25:21 +0800] "GET / HTTP/1.1" 200 30356 "-" "curl/7.81.0"
172.18.0.1 - - [29/Jun/2025:23:25:24 +0800] "GET /home/products.php HTTP/1.1" 200 3780 "http://localhost:19999/home/stats.php" "Mozilla/5.0 (X11; Linux x86_64) AppleWebKit/537.36 (KHTML, like Gecko) Chrome/137.0.0.0 Safari/537.36"
172.18.0.1 - - [29/Jun/2025:23:25:32 +0800] "GET /home/index.php HTTP/1.1" 200 14562 "http://localhost:19999/home/products.php" "Mozilla/5.0 (X11; Linux x86_64) AppleWebKit/537.36 (KHTML, like Gecko) Chrome/137.0.0.0 Safari/537.36"
172.18.0.1 - - [29/Jun/2025:23:25:47 +0800] "POST /home/index.php HTTP/1.1" 200 14822 "http://localhost:19999/home/index.php" "Mozilla/5.0 (X11; Linux x86_64) AppleWebKit/537.36 (KHTML, like Gecko) Chrome/137.0.0.0 Safari/537.36"
127.0.0.1 - - [29/Jun/2025:23:25:51 +0800] "GET / HTTP/1.1" 200 30356 "-" "curl/7.81.0"
172.18.0.1 - - [29/Jun/2025:23:25:57 +0800] "GET /home/index.php?limit=20&filter_product=3&filter_status=-1&filter_type=&filter_date_start=&filter_date_end= HTTP/1.1" 200 14595 "http://localhost:19999/home/index.php" "Mozilla/5.0 (X11; Linux x86_64) AppleWebKit/537.36 (KHTML, like Gecko) Chrome/137.0.0.0 Safari/537.36"
172.18.0.1 - - [29/Jun/2025:23:26:15 +0800] "GET /home/index.php?limit=20&filter_product=3&filter_status=1&filter_type=&filter_date_start=&filter_date_end= HTTP/1.1" 200 14196 "http://localhost:19999/home/index.php?limit=20&filter_product=3&filter_status=-1&filter_type=&filter_date_start=&filter_date_end=" "Mozilla/5.0 (X11; Linux x86_64) AppleWebKit/537.36 (KHTML, like Gecko) Chrome/137.0.0.0 Safari/537.36"
172.18.0.1 - - [29/Jun/2025:23:26:20 +0800] "GET /home/index.php?limit=20&filter_product=3&filter_status=0&filter_type=&filter_date_start=&filter_date_end= HTTP/1.1" 200 14595 "http://localhost:19999/home/index.php?limit=20&filter_product=3&filter_status=1&filter_type=&filter_date_start=&filter_date_end=" "Mozilla/5.0 (X11; Linux x86_64) AppleWebKit/537.36 (KHTML, like Gecko) Chrome/137.0.0.0 Safari/537.36"
127.0.0.1 - - [29/Jun/2025:23:26:21 +0800] "GET / HTTP/1.1" 200 30356 "-" "curl/7.81.0"
172.18.0.1 - - [29/Jun/2025:23:26:34 +0800] "GET /home/index.php?limit=20&filter_product=3&filter_status=0&filter_type=count&filter_date_start=&filter_date_end= HTTP/1.1" 200 14596 "http://localhost:19999/home/index.php?limit=20&filter_product=3&filter_status=0&filter_type=&filter_date_start=&filter_date_end=" "Mozilla/5.0 (X11; Linux x86_64) AppleWebKit/537.36 (KHTML, like Gecko) Chrome/137.0.0.0 Safari/537.36"
127.0.0.1 - - [29/Jun/2025:23:26:51 +0800] "GET / HTTP/1.1" 200 30356 "-" "curl/7.81.0"
127.0.0.1 - - [29/Jun/2025:23:27:21 +0800] "GET / HTTP/1.1" 200 30356 "-" "curl/7.81.0"
127.0.0.1 - - [29/Jun/2025:23:27:51 +0800] "GET / HTTP/1.1" 200 30356 "-" "curl/7.81.0"
127.0.0.1 - - [29/Jun/2025:23:28:21 +0800] "GET / HTTP/1.1" 200 30356 "-" "curl/7.81.0"
127.0.0.1 - - [29/Jun/2025:23:28:51 +0800] "GET / HTTP/1.1" 200 30356 "-" "curl/7.81.0"
127.0.0.1 - - [29/Jun/2025:23:30:56 +0800] "GET / HTTP/1.1" 200 35392 "-" "curl/7.81.0"
127.0.0.1 - - [29/Jun/2025:23:31:26 +0800] "GET / HTTP/1.1" 200 35392 "-" "curl/7.81.0"
192.168.85.1 - - [29/Jun/2025:23:31:33 +0800] "POST /install/index.php HTTP/1.1" 302 5 "http://192.168.85.130:19999/install/index.php" "Mozilla/5.0 (Windows NT 10.0; Win64; x64) AppleWebKit/537.36 (KHTML, like Gecko) Chrome/137.0.0.0 Safari/537.36"
192.168.85.1 - - [29/Jun/2025:23:31:33 +0800] "GET /index.php HTTP/1.1" 200 5026 "http://192.168.85.130:19999/install/index.php" "Mozilla/5.0 (Windows NT 10.0; Win64; x64) AppleWebKit/537.36 (KHTML, like Gecko) Chrome/137.0.0.0 Safari/537.36"
172.18.0.1 - - [29/Jun/2025:23:31:34 +0800] "GET / HTTP/1.1" 200 5026 "-" "Mozilla/5.0 (X11; Linux x86_64) AppleWebKit/537.36 (KHTML, like Gecko) Chrome/137.0.0.0 Safari/537.36"
192.168.85.1 - - [29/Jun/2025:23:31:36 +0800] "GET /admin.php HTTP/1.1" 200 1655 "http://192.168.85.130:19999/index.php" "Mozilla/5.0 (Windows NT 10.0; Win64; x64) AppleWebKit/537.36 (KHTML, like Gecko) Chrome/137.0.0.0 Safari/537.36"
172.18.0.1 - - [29/Jun/2025:23:31:43 +0800] "GET /admin.php HTTP/1.1" 200 1655 "-" "Mozilla/5.0 (X11; Linux x86_64) AppleWebKit/537.36 (KHTML, like Gecko) Chrome/137.0.0.0 Safari/537.36"
192.168.85.1 - - [29/Jun/2025:23:31:48 +0800] "POST /admin.php HTTP/1.1" 302 5 "http://192.168.85.130:19999/admin.php" "Mozilla/5.0 (Windows NT 10.0; Win64; x64) AppleWebKit/537.36 (KHTML, like Gecko) Chrome/137.0.0.0 Safari/537.36"
192.168.85.1 - - [29/Jun/2025:23:31:48 +0800] "GET /home/index.php HTTP/1.1" 200 14812 "http://192.168.85.130:19999/admin.php" "Mozilla/5.0 (Windows NT 10.0; Win64; x64) AppleWebKit/537.36 (KHTML, like Gecko) Chrome/137.0.0.0 Safari/537.36"
127.0.0.1 - - [29/Jun/2025:23:31:56 +0800] "GET / HTTP/1.1" 200 35392 "-" "curl/7.81.0"
172.18.0.1 - - [29/Jun/2025:23:32:01 +0800] "POST /admin.php HTTP/1.1" 302 5 "http://localhost:19999/admin.php" "Mozilla/5.0 (X11; Linux x86_64) AppleWebKit/537.36 (KHTML, like Gecko) Chrome/137.0.0.0 Safari/537.36"
172.18.0.1 - - [29/Jun/2025:23:32:01 +0800] "GET /home/index.php HTTP/1.1" 200 14812 "http://localhost:19999/admin.php" "Mozilla/5.0 (X11; Linux x86_64) AppleWebKit/537.36 (KHTML, like Gecko) Chrome/137.0.0.0 Safari/537.36"
127.0.0.1 - - [29/Jun/2025:23:32:26 +0800] "GET / HTTP/1.1" 200 35392 "-" "curl/7.81.0"
192.168.85.1 - - [29/Jun/2025:23:32:35 +0800] "GET /logout.php HTTP/1.1" 302 5 "http://192.168.85.130:19999/home/index.php" "Mozilla/5.0 (Windows NT 10.0; Win64; x64) AppleWebKit/537.36 (KHTML, like Gecko) Chrome/137.0.0.0 Safari/537.36"
192.168.85.1 - - [29/Jun/2025:23:32:35 +0800] "GET /index.php HTTP/1.1" 200 5026 "http://192.168.85.130:19999/home/index.php" "Mozilla/5.0 (Windows NT 10.0; Win64; x64) AppleWebKit/537.36 (KHTML, like Gecko) Chrome/137.0.0.0 Safari/537.36"
192.168.85.1 - - [29/Jun/2025:23:32:36 +0800] "GET /admin.php HTTP/1.1" 200 1655 "http://192.168.85.130:19999/index.php" "Mozilla/5.0 (Windows NT 10.0; Win64; x64) AppleWebKit/537.36 (KHTML, like Gecko) Chrome/137.0.0.0 Safari/537.36"
192.168.85.1 - - [29/Jun/2025:23:32:50 +0800] "POST /admin.php HTTP/1.1" 200 1697 "http://192.168.85.130:19999/admin.php" "Mozilla/5.0 (Windows NT 10.0; Win64; x64) AppleWebKit/537.36 (KHTML, like Gecko) Chrome/137.0.0.0 Safari/537.36"
127.0.0.1 - - [29/Jun/2025:23:32:56 +0800] "GET / HTTP/1.1" 200 35392 "-" "curl/7.81.0"
127.0.0.1 - - [29/Jun/2025:23:40:52 +0800] "GET / HTTP/1.1" 200 40428 "-" "curl/7.81.0"
127.0.0.1 - - [29/Jun/2025:23:41:22 +0800] "GET / HTTP/1.1" 200 40428 "-" "curl/7.81.0"
172.18.0.1 - - [29/Jun/2025:23:41:25 +0800] "GET / HTTP/1.1" 200 5105 "-" "Mozilla/5.0 (X11; Linux x86_64) AppleWebKit/537.36 (KHTML, like Gecko) Chrome/137.0.0.0 Safari/537.36"
127.0.0.1 - - [29/Jun/2025:23:41:52 +0800] "GET / HTTP/1.1" 200 40428 "-" "curl/7.81.0"
172.18.0.1 - - [29/Jun/2025:23:42:10 +0800] "GET /admin.php HTTP/1.1" 200 1655 "http://localhost:19999/" "Mozilla/5.0 (X11; Linux x86_64) AppleWebKit/537.36 (KHTML, like Gecko) Chrome/137.0.0.0 Safari/537.36"
127.0.0.1 - - [29/Jun/2025:23:42:22 +0800] "GET / HTTP/1.1" 200 40428 "-" "curl/7.81.0"
172.18.0.1 - - [29/Jun/2025:23:42:25 +0800] "POST /admin.php HTTP/1.1" 302 5 "http://localhost:19999/admin.php" "Mozilla/5.0 (X11; Linux x86_64) AppleWebKit/537.36 (KHTML, like Gecko) Chrome/137.0.0.0 Safari/537.36"
172.18.0.1 - - [29/Jun/2025:23:42:25 +0800] "GET /home/index.php HTTP/1.1" 200 14824 "http://localhost:19999/admin.php" "Mozilla/5.0 (X11; Linux x86_64) AppleWebKit/537.36 (KHTML, like Gecko) Chrome/137.0.0.0 Safari/537.36"
172.18.0.1 - - [29/Jun/2025:23:42:32 +0800] "GET /home/api_settings.php HTTP/1.1" 200 5017 "http://localhost:19999/home/index.php" "Mozilla/5.0 (X11; Linux x86_64) AppleWebKit/537.36 (KHTML, like Gecko) Chrome/137.0.0.0 Safari/537.36"
172.18.0.1 - - [29/Jun/2025:23:42:34 +0800] "GET /home/index.php HTTP/1.1" 200 14824 "http://localhost:19999/home/api_settings.php" "Mozilla/5.0 (X11; Linux x86_64) AppleWebKit/537.36 (KHTML, like Gecko) Chrome/137.0.0.0 Safari/537.36"
127.0.0.1 - - [29/Jun/2025:23:42:53 +0800] "GET / HTTP/1.1" 200 40428 "-" "curl/7.81.0"
127.0.0.1 - - [29/Jun/2025:23:43:23 +0800] "GET / HTTP/1.1" 200 40428 "-" "curl/7.81.0"
127.0.0.1 - - [29/Jun/2025:23:43:53 +0800] "GET / HTTP/1.1" 200 40428 "-" "curl/7.81.0"
127.0.0.1 - - [29/Jun/2025:23:44:23 +0800] "GET / HTTP/1.1" 200 40428 "-" "curl/7.81.0"
127.0.0.1 - - [29/Jun/2025:23:44:53 +0800] "GET / HTTP/1.1" 200 40428 "-" "curl/7.81.0"
127.0.0.1 - - [29/Jun/2025:23:45:23 +0800] "GET / HTTP/1.1" 200 40428 "-" "curl/7.81.0"
127.0.0.1 - - [29/Jun/2025:23:45:53 +0800] "GET / HTTP/1.1" 200 40428 "-" "curl/7.81.0"
127.0.0.1 - - [29/Jun/2025:23:46:23 +0800] "GET / HTTP/1.1" 200 40428 "-" "curl/7.81.0"
127.0.0.1 - - [29/Jun/2025:23:46:53 +0800] "GET / HTTP/1.1" 200 40428 "-" "curl/7.81.0"
127.0.0.1 - - [29/Jun/2025:23:47:23 +0800] "GET / HTTP/1.1" 200 40428 "-" "curl/7.81.0"
127.0.0.1 - - [29/Jun/2025:23:47:53 +0800] "GET / HTTP/1.1" 200 40428 "-" "curl/7.81.0"
127.0.0.1 - - [29/Jun/2025:23:54:45 +0800] "GET / HTTP/1.1" 302 5 "-" "curl/7.81.0"
192.168.85.1 - - [29/Jun/2025:23:54:48 +0800] "GET / HTTP/1.1" 302 5 "-" "Mozilla/5.0 (Windows NT 10.0; Win64; x64) AppleWebKit/537.36 (KHTML, like Gecko) Chrome/137.0.0.0 Safari/537.36"
192.168.85.1 - - [29/Jun/2025:23:54:48 +0800] "GET /admin.php HTTP/1.1" 200 1655 "-" "Mozilla/5.0 (Windows NT 10.0; Win64; x64) AppleWebKit/537.36 (KHTML, like Gecko) Chrome/137.0.0.0 Safari/537.36"
192.168.85.1 - - [29/Jun/2025:23:54:57 +0800] "POST /admin.php HTTP/1.1" 302 5 "http://192.168.85.130:19999/admin.php" "Mozilla/5.0 (Windows NT 10.0; Win64; x64) AppleWebKit/537.36 (KHTML, like Gecko) Chrome/137.0.0.0 Safari/537.36"
192.168.85.1 - - [29/Jun/2025:23:54:57 +0800] "GET /home/index.php HTTP/1.1" 200 14836 "http://192.168.85.130:19999/admin.php" "Mozilla/5.0 (Windows NT 10.0; Win64; x64) AppleWebKit/537.36 (KHTML, like Gecko) Chrome/137.0.0.0 Safari/537.36"
192.168.85.1 - - [29/Jun/2025:23:55:03 +0800] "GET /home/products.php HTTP/1.1" 200 3948 "http://192.168.85.130:19999/home/index.php" "Mozilla/5.0 (Windows NT 10.0; Win64; x64) AppleWebKit/537.36 (KHTML, like Gecko) Chrome/137.0.0.0 Safari/537.36"
192.168.85.1 - - [29/Jun/2025:23:55:10 +0800] "GET /home/index.php HTTP/1.1" 200 14836 "http://192.168.85.130:19999/home/products.php" "Mozilla/5.0 (Windows NT 10.0; Win64; x64) AppleWebKit/537.36 (KHTML, like Gecko) Chrome/137.0.0.0 Safari/537.36"
192.168.85.1 - - [29/Jun/2025:23:55:13 +0800] "GET /home/products.php HTTP/1.1" 200 3948 "http://192.168.85.130:19999/home/index.php" "Mozilla/5.0 (Windows NT 10.0; Win64; x64) AppleWebKit/537.36 (KHTML, like Gecko) Chrome/137.0.0.0 Safari/537.36"
127.0.0.1 - - [29/Jun/2025:23:55:15 +0800] "GET / HTTP/1.1" 302 5 "-" "curl/7.81.0"
192.168.85.1 - - [29/Jun/2025:23:55:20 +0800] "GET /home/stats.php HTTP/1.1" 200 2394 "http://192.168.85.130:19999/home/products.php" "Mozilla/5.0 (Windows NT 10.0; Win64; x64) AppleWebKit/537.36 (KHTML, like Gecko) Chrome/137.0.0.0 Safari/537.36"
192.168.85.1 - - [29/Jun/2025:23:55:24 +0800] "GET /home/index.php HTTP/1.1" 200 14836 "http://192.168.85.130:19999/home/stats.php" "Mozilla/5.0 (Windows NT 10.0; Win64; x64) AppleWebKit/537.36 (KHTML, like Gecko) Chrome/137.0.0.0 Safari/537.36"
192.168.85.1 - - [29/Jun/2025:23:55:25 +0800] "GET /home/products.php HTTP/1.1" 200 3948 "http://192.168.85.130:19999/home/index.php" "Mozilla/5.0 (Windows NT 10.0; Win64; x64) AppleWebKit/537.36 (KHTML, like Gecko) Chrome/137.0.0.0 Safari/537.36"
192.168.85.1 - - [29/Jun/2025:23:55:26 +0800] "GET /home/index.php HTTP/1.1" 200 14836 "http://192.168.85.130:19999/home/products.php" "Mozilla/5.0 (Windows NT 10.0; Win64; x64) AppleWebKit/537.36 (KHTML, like Gecko) Chrome/137.0.0.0 Safari/537.36"
127.0.0.1 - - [29/Jun/2025:23:55:45 +0800] "GET / HTTP/1.1" 302 5 "-" "curl/7.81.0"
127.0.0.1 - - [29/Jun/2025:23:56:16 +0800] "GET / HTTP/1.1" 302 5 "-" "curl/7.81.0"
127.0.0.1 - - [29/Jun/2025:23:56:46 +0800] "GET / HTTP/1.1" 302 5 "-" "curl/7.81.0"
127.0.0.1 - - [29/Jun/2025:23:57:16 +0800] "GET / HTTP/1.1" 302 5 "-" "curl/7.81.0"
127.0.0.1 - - [29/Jun/2025:23:57:46 +0800] "GET / HTTP/1.1" 302 5 "-" "curl/7.81.0"
127.0.0.1 - - [29/Jun/2025:23:58:16 +0800] "GET / HTTP/1.1" 302 5 "-" "curl/7.81.0"
127.0.0.1 - - [29/Jun/2025:23:58:46 +0800] "GET / HTTP/1.1" 302 5 "-" "curl/7.81.0"
127.0.0.1 - - [29/Jun/2025:23:59:16 +0800] "GET / HTTP/1.1" 302 5 "-" "curl/7.81.0"
127.0.0.1 - - [29/Jun/2025:23:59:46 +0800] "GET / HTTP/1.1" 302 5 "-" "curl/7.81.0"
127.0.0.1 - - [30/Jun/2025:00:00:16 +0800] "GET / HTTP/1.1" 302 5 "-" "curl/7.81.0"
127.0.0.1 - - [30/Jun/2025:00:00:46 +0800] "GET / HTTP/1.1" 302 5 "-" "curl/7.81.0"
127.0.0.1 - - [30/Jun/2025:00:01:16 +0800] "GET / HTTP/1.1" 302 5 "-" "curl/7.81.0"
127.0.0.1 - - [30/Jun/2025:00:01:46 +0800] "GET / HTTP/1.1" 302 5 "-" "curl/7.81.0"
127.0.0.1 - - [30/Jun/2025:00:02:16 +0800] "GET / HTTP/1.1" 302 5 "-" "curl/7.81.0"
127.0.0.1 - - [30/Jun/2025:00:02:46 +0800] "GET / HTTP/1.1" 302 5 "-" "curl/7.81.0"
127.0.0.1 - - [30/Jun/2025:00:03:16 +0800] "GET / HTTP/1.1" 302 5 "-" "curl/7.81.0"
127.0.0.1 - - [30/Jun/2025:00:03:46 +0800] "GET / HTTP/1.1" 302 5 "-" "curl/7.81.0"
127.0.0.1 - - [30/Jun/2025:00:04:16 +0800] "GET / HTTP/1.1" 302 5 "-" "curl/7.81.0"
127.0.0.1 - - [30/Jun/2025:00:04:46 +0800] "GET / HTTP/1.1" 302 5 "-" "curl/7.81.0"
127.0.0.1 - - [30/Jun/2025:00:05:16 +0800] "GET / HTTP/1.1" 302 5 "-" "curl/7.81.0"
127.0.0.1 - - [30/Jun/2025:00:05:47 +0800] "GET / HTTP/1.1" 302 5 "-" "curl/7.81.0"
127.0.0.1 - - [30/Jun/2025:00:06:17 +0800] "GET / HTTP/1.1" 302 5 "-" "curl/7.81.0"
127.0.0.1 - - [30/Jun/2025:00:06:47 +0800] "GET / HTTP/1.1" 302 5 "-" "curl/7.81.0"
127.0.0.1 - - [30/Jun/2025:00:07:17 +0800] "GET / HTTP/1.1" 302 5 "-" "curl/7.81.0"
127.0.0.1 - - [30/Jun/2025:00:07:47 +0800] "GET / HTTP/1.1" 302 5 "-" "curl/7.81.0"
127.0.0.1 - - [30/Jun/2025:00:08:17 +0800] "GET / HTTP/1.1" 302 5 "-" "curl/7.81.0"
127.0.0.1 - - [30/Jun/2025:00:08:47 +0800] "GET / HTTP/1.1" 302 5 "-" "curl/7.81.0"
127.0.0.1 - - [30/Jun/2025:00:09:17 +0800] "GET / HTTP/1.1" 302 5 "-" "curl/7.81.0"
127.0.0.1 - - [30/Jun/2025:00:09:47 +0800] "GET / HTTP/1.1" 302 5 "-" "curl/7.81.0"
127.0.0.1 - - [30/Jun/2025:00:10:17 +0800] "GET / HTTP/1.1" 302 5 "-" "curl/7.81.0"
127.0.0.1 - - [30/Jun/2025:00:10:47 +0800] "GET / HTTP/1.1" 302 5 "-" "curl/7.81.0"
127.0.0.1 - - [30/Jun/2025:00:11:17 +0800] "GET / HTTP/1.1" 302 5 "-" "curl/7.81.0"
127.0.0.1 - - [30/Jun/2025:00:11:47 +0800] "GET / HTTP/1.1" 302 5 "-" "curl/7.81.0"
127.0.0.1 - - [30/Jun/2025:00:12:17 +0800] "GET / HTTP/1.1" 302 5 "-" "curl/7.81.0"
127.0.0.1 - - [30/Jun/2025:00:12:47 +0800] "GET / HTTP/1.1" 302 5 "-" "curl/7.81.0"
192.168.85.1 - - [30/Jun/2025:00:14:14 +0800] "GET /home/index.php HTTP/1.1" 302 5 "http://192.168.85.130:19999/home/products.php" "Mozilla/5.0 (Windows NT 10.0; Win64; x64) AppleWebKit/537.36 (KHTML, like Gecko) Chrome/137.0.0.0 Safari/537.36"
192.168.85.1 - - [30/Jun/2025:00:14:14 +0800] "GET /admin.php HTTP/1.1" 200 1655 "http://192.168.85.130:19999/home/products.php" "Mozilla/5.0 (Windows NT 10.0; Win64; x64) AppleWebKit/537.36 (KHTML, like Gecko) Chrome/137.0.0.0 Safari/537.36"
127.0.0.1 - - [30/Jun/2025:00:14:16 +0800] "GET / HTTP/1.1" 302 5 "-" "curl/7.81.0"
192.168.85.1 - - [30/Jun/2025:00:14:22 +0800] "POST /admin.php HTTP/1.1" 302 5 "http://192.168.85.130:19999/admin.php" "Mozilla/5.0 (Windows NT 10.0; Win64; x64) AppleWebKit/537.36 (KHTML, like Gecko) Chrome/137.0.0.0 Safari/537.36"
192.168.85.1 - - [30/Jun/2025:00:14:22 +0800] "GET /home/index.php HTTP/1.1" 200 14858 "http://192.168.85.130:19999/admin.php" "Mozilla/5.0 (Windows NT 10.0; Win64; x64) AppleWebKit/537.36 (KHTML, like Gecko) Chrome/137.0.0.0 Safari/537.36"
192.168.85.1 - - [30/Jun/2025:00:14:26 +0800] "GET /home/products.php HTTP/1.1" 200 4143 "http://192.168.85.130:19999/home/index.php" "Mozilla/5.0 (Windows NT 10.0; Win64; x64) AppleWebKit/537.36 (KHTML, like Gecko) Chrome/137.0.0.0 Safari/537.36"
192.168.85.1 - - [30/Jun/2025:00:14:32 +0800] "POST /home/products.php HTTP/1.1" 200 4118 "http://192.168.85.130:19999/home/products.php" "Mozilla/5.0 (Windows NT 10.0; Win64; x64) AppleWebKit/537.36 (KHTML, like Gecko) Chrome/137.0.0.0 Safari/537.36"
192.168.85.1 - - [30/Jun/2025:00:14:34 +0800] "POST /home/products.php HTTP/1.1" 200 4057 "http://192.168.85.130:19999/home/products.php" "Mozilla/5.0 (Windows NT 10.0; Win64; x64) AppleWebKit/537.36 (KHTML, like Gecko) Chrome/137.0.0.0 Safari/537.36"
192.168.85.1 - - [30/Jun/2025:00:14:36 +0800] "POST /home/products.php HTTP/1.1" 200 3998 "http://192.168.85.130:19999/home/products.php" "Mozilla/5.0 (Windows NT 10.0; Win64; x64) AppleWebKit/537.36 (KHTML, like Gecko) Chrome/137.0.0.0 Safari/537.36"
192.168.85.1 - - [30/Jun/2025:00:14:38 +0800] "POST /home/products.php HTTP/1.1" 200 3938 "http://192.168.85.130:19999/home/products.php" "Mozilla/5.0 (Windows NT 10.0; Win64; x64) AppleWebKit/537.36 (KHTML, like Gecko) Chrome/137.0.0.0 Safari/537.36"
192.168.85.1 - - [30/Jun/2025:00:14:39 +0800] "POST /home/products.php HTTP/1.1" 200 3839 "http://192.168.85.130:19999/home/products.php" "Mozilla/5.0 (Windows NT 10.0; Win64; x64) AppleWebKit/537.36 (KHTML, like Gecko) Chrome/137.0.0.0 Safari/537.36"
192.168.85.1 - - [30/Jun/2025:00:14:42 +0800] "GET /home/index.php HTTP/1.1" 200 14799 "http://192.168.85.130:19999/home/products.php" "Mozilla/5.0 (Windows NT 10.0; Win64; x64) AppleWebKit/537.36 (KHTML, like Gecko) Chrome/137.0.0.0 Safari/537.36"
192.168.85.1 - - [30/Jun/2025:00:14:45 +0800] "GET /home/stats.php HTTP/1.1" 200 2391 "http://192.168.85.130:19999/home/index.php" "Mozilla/5.0 (Windows NT 10.0; Win64; x64) AppleWebKit/537.36 (KHTML, like Gecko) Chrome/137.0.0.0 Safari/537.36"
127.0.0.1 - - [30/Jun/2025:00:14:46 +0800] "GET / HTTP/1.1" 302 5 "-" "curl/7.81.0"
192.168.85.1 - - [30/Jun/2025:00:14:46 +0800] "GET /home/index.php HTTP/1.1" 200 14799 "http://192.168.85.130:19999/home/stats.php" "Mozilla/5.0 (Windows NT 10.0; Win64; x64) AppleWebKit/537.36 (KHTML, like Gecko) Chrome/137.0.0.0 Safari/537.36"
127.0.0.1 - - [30/Jun/2025:00:15:16 +0800] "GET / HTTP/1.1" 302 5 "-" "curl/7.81.0"
192.168.85.1 - - [30/Jun/2025:00:15:34 +0800] "GET /home/index.php?delete=1 HTTP/1.1" 200 14723 "http://192.168.85.130:19999/home/index.php" "Mozilla/5.0 (Windows NT 10.0; Win64; x64) AppleWebKit/537.36 (KHTML, like Gecko) Chrome/137.0.0.0 Safari/537.36"
192.168.85.1 - - [30/Jun/2025:00:15:37 +0800] "GET /home/index.php?delete=2 HTTP/1.1" 200 14607 "http://192.168.85.130:19999/home/index.php?delete=1" "Mozilla/5.0 (Windows NT 10.0; Win64; x64) AppleWebKit/537.36 (KHTML, like Gecko) Chrome/137.0.0.0 Safari/537.36"
127.0.0.1 - - [30/Jun/2025:00:15:46 +0800] "GET / HTTP/1.1" 302 5 "-" "curl/7.81.0"
192.168.85.1 - - [30/Jun/2025:00:15:50 +0800] "GET /home/products.php HTTP/1.1" 200 3816 "http://192.168.85.130:19999/home/index.php?delete=2" "Mozilla/5.0 (Windows NT 10.0; Win64; x64) AppleWebKit/537.36 (KHTML, like Gecko) Chrome/137.0.0.0 Safari/537.36"
192.168.85.1 - - [30/Jun/2025:00:16:03 +0800] "POST /home/products.php HTTP/1.1" 200 3950 "http://192.168.85.130:19999/home/products.php" "Mozilla/5.0 (Windows NT 10.0; Win64; x64) AppleWebKit/537.36 (KHTML, like Gecko) Chrome/137.0.0.0 Safari/537.36"
192.168.85.1 - - [30/Jun/2025:00:16:15 +0800] "GET /home/index.php HTTP/1.1" 200 14606 "http://192.168.85.130:19999/home/products.php" "Mozilla/5.0 (Windows NT 10.0; Win64; x64) AppleWebKit/537.36 (KHTML, like Gecko) Chrome/137.0.0.0 Safari/537.36"
127.0.0.1 - - [30/Jun/2025:00:16:16 +0800] "GET / HTTP/1.1" 302 5 "-" "curl/7.81.0"
192.168.85.1 - - [30/Jun/2025:00:16:21 +0800] "POST /home/index.php HTTP/1.1" 200 14973 "http://192.168.85.130:19999/home/index.php" "Mozilla/5.0 (Windows NT 10.0; Win64; x64) AppleWebKit/537.36 (KHTML, like Gecko) Chrome/137.0.0.0 Safari/537.36"
192.168.85.1 - - [30/Jun/2025:00:16:28 +0800] "GET /home/index.php?limit=20&filter_product=8&filter_status=-1&filter_type=&filter_date_start=&filter_date_end= HTTP/1.1" 200 14708 "http://192.168.85.130:19999/home/index.php" "Mozilla/5.0 (Windows NT 10.0; Win64; x64) AppleWebKit/537.36 (KHTML, like Gecko) Chrome/137.0.0.0 Safari/537.36"
192.168.85.1 - - [30/Jun/2025:00:16:34 +0800] "GET /home/index.php?limit=20&filter_product=3&filter_status=-1&filter_type=&filter_date_start=&filter_date_end= HTTP/1.1" 200 14611 "http://192.168.85.130:19999/home/index.php?limit=20&filter_product=8&filter_status=-1&filter_type=&filter_date_start=&filter_date_end=" "Mozilla/5.0 (Windows NT 10.0; Win64; x64) AppleWebKit/537.36 (KHTML, like Gecko) Chrome/137.0.0.0 Safari/537.36"
127.0.0.1 - - [30/Jun/2025:00:16:46 +0800] "GET / HTTP/1.1" 302 5 "-" "curl/7.81.0"
192.168.85.1 - - [30/Jun/2025:00:16:51 +0800] "GET /home/index.php?limit=20&filter_product=8&filter_status=-1&filter_type=&filter_date_start=&filter_date_end= HTTP/1.1" 200 14708 "http://192.168.85.130:19999/home/index.php?limit=20&filter_product=3&filter_status=-1&filter_type=&filter_date_start=&filter_date_end=" "Mozilla/5.0 (Windows NT 10.0; Win64; x64) AppleWebKit/537.36 (KHTML, like Gecko) Chrome/137.0.0.0 Safari/537.36"
127.0.0.1 - - [30/Jun/2025:00:17:16 +0800] "GET / HTTP/1.1" 302 5 "-" "curl/7.81.0"
127.0.0.1 - - [30/Jun/2025:00:17:46 +0800] "GET / HTTP/1.1" 302 5 "-" "curl/7.81.0"
127.0.0.1 - - [30/Jun/2025:00:18:16 +0800] "GET / HTTP/1.1" 302 5 "-" "curl/7.81.0"
127.0.0.1 - - [30/Jun/2025:00:18:46 +0800] "GET / HTTP/1.1" 302 5 "-" "curl/7.81.0"
127.0.0.1 - - [30/Jun/2025:00:19:16 +0800] "GET / HTTP/1.1" 302 5 "-" "curl/7.81.0"
192.168.85.1 - - [30/Jun/2025:00:19:18 +0800] "GET /home/settings.php HTTP/1.1" 200 7484 "http://192.168.85.130:19999/home/index.php?limit=20&filter_product=8&filter_status=-1&filter_type=&filter_date_start=&filter_date_end=" "Mozilla/5.0 (Windows NT 10.0; Win64; x64) AppleWebKit/537.36 (KHTML, like Gecko) Chrome/137.0.0.0 Safari/537.36"
192.168.85.1 - - [30/Jun/2025:00:19:26 +0800] "GET /home/index.php HTTP/1.1" 200 14953 "http://192.168.85.130:19999/home/settings.php" "Mozilla/5.0 (Windows NT 10.0; Win64; x64) AppleWebKit/537.36 (KHTML, like Gecko) Chrome/137.0.0.0 Safari/537.36"
192.168.85.1 - - [30/Jun/2025:00:19:28 +0800] "GET /home/products.php HTTP/1.1" 200 3893 "http://192.168.85.130:19999/home/index.php" "Mozilla/5.0 (Windows NT 10.0; Win64; x64) AppleWebKit/537.36 (KHTML, like Gecko) Chrome/137.0.0.0 Safari/537.36"
192.168.85.1 - - [30/Jun/2025:00:19:29 +0800] "GET /home/index.php HTTP/1.1" 200 14953 "http://192.168.85.130:19999/home/products.php" "Mozilla/5.0 (Windows NT 10.0; Win64; x64) AppleWebKit/537.36 (KHTML, like Gecko) Chrome/137.0.0.0 Safari/537.36"
127.0.0.1 - - [30/Jun/2025:00:19:46 +0800] "GET / HTTP/1.1" 302 5 "-" "curl/7.81.0"
127.0.0.1 - - [30/Jun/2025:00:20:16 +0800] "GET / HTTP/1.1" 302 5 "-" "curl/7.81.0"
192.168.85.1 - - [30/Jun/2025:00:20:18 +0800] "GET /home/products.php HTTP/1.1" 200 3893 "http://192.168.85.130:19999/home/index.php" "Mozilla/5.0 (Windows NT 10.0; Win64; x64) AppleWebKit/537.36 (KHTML, like Gecko) Chrome/137.0.0.0 Safari/537.36"
192.168.85.1 - - [30/Jun/2025:00:20:19 +0800] "GET /home/index.php HTTP/1.1" 200 14953 "http://192.168.85.130:19999/home/products.php" "Mozilla/5.0 (Windows NT 10.0; Win64; x64) AppleWebKit/537.36 (KHTML, like Gecko) Chrome/137.0.0.0 Safari/537.36"
192.168.85.1 - - [30/Jun/2025:00:20:20 +0800] "GET /home/stats.php HTTP/1.1" 200 2395 "http://192.168.85.130:19999/home/index.php" "Mozilla/5.0 (Windows NT 10.0; Win64; x64) AppleWebKit/537.36 (KHTML, like Gecko) Chrome/137.0.0.0 Safari/537.36"
192.168.85.1 - - [30/Jun/2025:00:20:23 +0800] "GET /home/index.php HTTP/1.1" 200 14953 "http://192.168.85.130:19999/home/stats.php" "Mozilla/5.0 (Windows NT 10.0; Win64; x64) AppleWebKit/537.36 (KHTML, like Gecko) Chrome/137.0.0.0 Safari/537.36"
127.0.0.1 - - [30/Jun/2025:00:20:46 +0800] "GET / HTTP/1.1" 302 5 "-" "curl/7.81.0"
127.0.0.1 - - [30/Jun/2025:00:21:16 +0800] "GET / HTTP/1.1" 302 5 "-" "curl/7.81.0"
127.0.0.1 - - [30/Jun/2025:00:21:46 +0800] "GET / HTTP/1.1" 302 5 "-" "curl/7.81.0"
127.0.0.1 - - [30/Jun/2025:00:22:17 +0800] "GET / HTTP/1.1" 302 5 "-" "curl/7.81.0"
127.0.0.1 - - [30/Jun/2025:00:22:47 +0800] "GET / HTTP/1.1" 302 5 "-" "curl/7.81.0"
192.168.85.1 - - [30/Jun/2025:00:35:00 +0800] "GET /home/index.php HTTP/1.1" 302 5 "http://192.168.85.130:19999/home/stats.php" "Mozilla/5.0 (Windows NT 10.0; Win64; x64) AppleWebKit/537.36 (KHTML, like Gecko) Chrome/137.0.0.0 Safari/537.36"
192.168.85.1 - - [30/Jun/2025:00:35:00 +0800] "GET /admin.php HTTP/1.1" 200 1655 "http://192.168.85.130:19999/home/stats.php" "Mozilla/5.0 (Windows NT 10.0; Win64; x64) AppleWebKit/537.36 (KHTML, like Gecko) Chrome/137.0.0.0 Safari/537.36"
127.0.0.1 - - [30/Jun/2025:00:35:02 +0800] "GET / HTTP/1.1" 302 5 "-" "curl/7.81.0"
192.168.85.1 - - [30/Jun/2025:00:35:05 +0800] "POST /admin.php HTTP/1.1" 302 5 "http://192.168.85.130:19999/admin.php" "Mozilla/5.0 (Windows NT 10.0; Win64; x64) AppleWebKit/537.36 (KHTML, like Gecko) Chrome/137.0.0.0 Safari/537.36"
192.168.85.1 - - [30/Jun/2025:00:35:05 +0800] "GET /home/index.php HTTP/1.1" 200 16034 "http://192.168.85.130:19999/admin.php" "Mozilla/5.0 (Windows NT 10.0; Win64; x64) AppleWebKit/537.36 (KHTML, like Gecko) Chrome/137.0.0.0 Safari/537.36"
192.168.85.1 - - [30/Jun/2025:00:35:18 +0800] "GET /home/settings.php HTTP/1.1" 200 7664 "http://192.168.85.130:19999/home/index.php" "Mozilla/5.0 (Windows NT 10.0; Win64; x64) AppleWebKit/537.36 (KHTML, like Gecko) Chrome/137.0.0.0 Safari/537.36"
192.168.85.1 - - [30/Jun/2025:00:35:19 +0800] "GET /home/stats.php HTTP/1.1" 200 2395 "http://192.168.85.130:19999/home/settings.php" "Mozilla/5.0 (Windows NT 10.0; Win64; x64) AppleWebKit/537.36 (KHTML, like Gecko) Chrome/137.0.0.0 Safari/537.36"
192.168.85.1 - - [30/Jun/2025:00:35:21 +0800] "GET /home/products.php HTTP/1.1" 200 3980 "http://192.168.85.130:19999/home/stats.php" "Mozilla/5.0 (Windows NT 10.0; Win64; x64) AppleWebKit/537.36 (KHTML, like Gecko) Chrome/137.0.0.0 Safari/537.36"
192.168.85.1 - - [30/Jun/2025:00:35:24 +0800] "GET /home/index.php HTTP/1.1" 200 16034 "http://192.168.85.130:19999/home/products.php" "Mozilla/5.0 (Windows NT 10.0; Win64; x64) AppleWebKit/537.36 (KHTML, like Gecko) Chrome/137.0.0.0 Safari/537.36"
192.168.85.1 - - [30/Jun/2025:00:35:25 +0800] "GET /home/stats.php HTTP/1.1" 200 2395 "http://192.168.85.130:19999/home/index.php" "Mozilla/5.0 (Windows NT 10.0; Win64; x64) AppleWebKit/537.36 (KHTML, like Gecko) Chrome/137.0.0.0 Safari/537.36"
192.168.85.1 - - [30/Jun/2025:00:35:27 +0800] "GET /home/settings.php HTTP/1.1" 200 7663 "http://192.168.85.130:19999/home/stats.php" "Mozilla/5.0 (Windows NT 10.0; Win64; x64) AppleWebKit/537.36 (KHTML, like Gecko) Chrome/137.0.0.0 Safari/537.36"
192.168.85.1 - - [30/Jun/2025:00:35:28 +0800] "GET /home/index.php HTTP/1.1" 200 16034 "http://192.168.85.130:19999/home/settings.php" "Mozilla/5.0 (Windows NT 10.0; Win64; x64) AppleWebKit/537.36 (KHTML, like Gecko) Chrome/137.0.0.0 Safari/537.36"
127.0.0.1 - - [30/Jun/2025:00:35:32 +0800] "GET / HTTP/1.1" 302 5 "-" "curl/7.81.0"
127.0.0.1 - - [30/Jun/2025:00:36:02 +0800] "GET / HTTP/1.1" 302 5 "-" "curl/7.81.0"
127.0.0.1 - - [30/Jun/2025:00:36:32 +0800] "GET / HTTP/1.1" 302 5 "-" "curl/7.81.0"
192.168.85.1 - - [30/Jun/2025:00:36:39 +0800] "POST /home/index.php HTTP/1.1" 200 17474 "http://192.168.85.130:19999/home/index.php" "Mozilla/5.0 (Windows NT 10.0; Win64; x64) AppleWebKit/537.36 (KHTML, like Gecko) Chrome/137.0.0.0 Safari/537.36"
192.168.85.1 - - [30/Jun/2025:00:36:55 +0800] "GET /home/txt_export.php?action=export_custom_txt&format=line&fields=card_key&count=123 HTTP/1.1" 200 2015 "http://192.168.85.130:19999/home/index.php" "Mozilla/5.0 (Windows NT 10.0; Win64; x64) AppleWebKit/537.36 (KHTML, like Gecko) Chrome/137.0.0.0 Safari/537.36"
127.0.0.1 - - [30/Jun/2025:00:37:02 +0800] "GET / HTTP/1.1" 302 5 "-" "curl/7.81.0"
192.168.85.1 - - [30/Jun/2025:00:37:17 +0800] "GET /home/index.php?limit=100 HTTP/1.1" 200 22879 "http://192.168.85.130:19999/home/index.php" "Mozilla/5.0 (Windows NT 10.0; Win64; x64) AppleWebKit/537.36 (KHTML, like Gecko) Chrome/137.0.0.0 Safari/537.36"
192.168.85.1 - - [30/Jun/2025:00:37:23 +0800] "GET /home/index.php?page=2&limit=100 HTTP/1.1" 200 22906 "http://192.168.85.130:19999/home/index.php?limit=100" "Mozilla/5.0 (Windows NT 10.0; Win64; x64) AppleWebKit/537.36 (KHTML, like Gecko) Chrome/137.0.0.0 Safari/537.36"
127.0.0.1 - - [30/Jun/2025:00:37:32 +0800] "GET / HTTP/1.1" 302 5 "-" "curl/7.81.0"
192.168.85.1 - - [30/Jun/2025:00:37:52 +0800] "GET /home/products.php HTTP/1.1" 200 3984 "http://192.168.85.130:19999/home/index.php?page=2&limit=100" "Mozilla/5.0 (Windows NT 10.0; Win64; x64) AppleWebKit/537.36 (KHTML, like Gecko) Chrome/137.0.0.0 Safari/537.36"
192.168.85.1 - - [30/Jun/2025:00:37:57 +0800] "POST /home/products.php HTTP/1.1" 200 3930 "http://192.168.85.130:19999/home/products.php" "Mozilla/5.0 (Windows NT 10.0; Win64; x64) AppleWebKit/537.36 (KHTML, like Gecko) Chrome/137.0.0.0 Safari/537.36"
192.168.85.1 - - [30/Jun/2025:00:37:59 +0800] "GET /home/index.php HTTP/1.1" 200 17440 "http://192.168.85.130:19999/home/products.php" "Mozilla/5.0 (Windows NT 10.0; Win64; x64) AppleWebKit/537.36 (KHTML, like Gecko) Chrome/137.0.0.0 Safari/537.36"
127.0.0.1 - - [30/Jun/2025:00:38:02 +0800] "GET / HTTP/1.1" 302 5 "-" "curl/7.81.0"
127.0.0.1 - - [30/Jun/2025:00:38:32 +0800] "GET / HTTP/1.1" 302 5 "-" "curl/7.81.0"
127.0.0.1 - - [30/Jun/2025:00:39:03 +0800] "GET / HTTP/1.1" 302 5 "-" "curl/7.81.0"
127.0.0.1 - - [30/Jun/2025:00:39:33 +0800] "GET / HTTP/1.1" 302 5 "-" "curl/7.81.0"
192.168.85.1 - - [30/Jun/2025:00:39:34 +0800] "GET /home/api_settings.php HTTP/1.1" 200 5027 "http://192.168.85.130:19999/home/index.php" "Mozilla/5.0 (Windows NT 10.0; Win64; x64) AppleWebKit/537.36 (KHTML, like Gecko) Chrome/137.0.0.0 Safari/537.36"
127.0.0.1 - - [30/Jun/2025:00:40:03 +0800] "GET / HTTP/1.1" 302 5 "-" "curl/7.81.0"
127.0.0.1 - - [30/Jun/2025:00:40:33 +0800] "GET / HTTP/1.1" 302 5 "-" "curl/7.81.0"
127.0.0.1 - - [30/Jun/2025:00:41:03 +0800] "GET / HTTP/1.1" 302 5 "-" "curl/7.81.0"
127.0.0.1 - - [30/Jun/2025:00:41:33 +0800] "GET / HTTP/1.1" 302 5 "-" "curl/7.81.0"
127.0.0.1 - - [30/Jun/2025:00:42:03 +0800] "GET / HTTP/1.1" 302 5 "-" "curl/7.81.0"
127.0.0.1 - - [30/Jun/2025:00:42:33 +0800] "GET / HTTP/1.1" 302 5 "-" "curl/7.81.0"
127.0.0.1 - - [30/Jun/2025:00:43:03 +0800] "GET / HTTP/1.1" 302 5 "-" "curl/7.81.0"
127.0.0.1 - - [30/Jun/2025:00:43:33 +0800] "GET / HTTP/1.1" 302 5 "-" "curl/7.81.0"
127.0.0.1 - - [30/Jun/2025:00:44:03 +0800] "GET / HTTP/1.1" 302 5 "-" "curl/7.81.0"
127.0.0.1 - - [30/Jun/2025:00:44:33 +0800] "GET / HTTP/1.1" 302 5 "-" "curl/7.81.0"
127.0.0.1 - - [30/Jun/2025:00:45:03 +0800] "GET / HTTP/1.1" 302 5 "-" "curl/7.81.0"
127.0.0.1 - - [30/Jun/2025:00:45:33 +0800] "GET / HTTP/1.1" 302 5 "-" "curl/7.81.0"
127.0.0.1 - - [30/Jun/2025:00:46:03 +0800] "GET / HTTP/1.1" 302 5 "-" "curl/7.81.0"
172.18.0.1 - - [30/Jun/2025:00:46:25 +0800] "POST /api/verify.php HTTP/1.1" 403 84 "-" "python-requests/2.22.0"
172.18.0.1 - - [30/Jun/2025:00:46:25 +0800] "GET /api/verify.php?card_key=your_time_card_1&device_id=8bc73892-5f5b-4917-971f-1f381339811c&api_key=37973705320b619f17902e75d7638519 HTTP/1.1" 403 84 "-" "python-requests/2.22.0"
172.18.0.1 - - [30/Jun/2025:00:46:25 +0800] "POST /api/verify.php HTTP/1.1" 403 84 "-" "python-requests/2.22.0"
172.18.0.1 - - [30/Jun/2025:00:46:28 +0800] "POST /api/verify.php HTTP/1.1" 403 84 "-" "python-requests/2.22.0"
172.18.0.1 - - [30/Jun/2025:00:46:28 +0800] "POST /api/verify.php HTTP/1.1" 403 84 "-" "python-requests/2.22.0"
172.18.0.1 - - [30/Jun/2025:00:46:28 +0800] "GET /api/verify.php?card_key=your_time_card_2&device_id=8bc73892-5f5b-4917-971f-1f381339811c&api_key=37973705320b619f17902e75d7638519 HTTP/1.1" 403 84 "-" "python-requests/2.22.0"
172.18.0.1 - - [30/Jun/2025:00:46:28 +0800] "POST /api/verify.php HTTP/1.1" 403 84 "-" "python-requests/2.22.0"
172.18.0.1 - - [30/Jun/2025:00:46:28 +0800] "POST /api/verify.php HTTP/1.1" 403 84 "-" "python-requests/2.22.0"
172.18.0.1 - - [30/Jun/2025:00:46:28 +0800] "GET /api/verify.php?card_key=your_count_card_1&device_id=8bc73892-5f5b-4917-971f-1f381339811c&api_key=37973705320b619f17902e75d7638519 HTTP/1.1" 403 84 "-" "python-requests/2.22.0"
172.18.0.1 - - [30/Jun/2025:00:46:28 +0800] "POST /api/verify.php HTTP/1.1" 403 84 "-" "python-requests/2.22.0"
172.18.0.1 - - [30/Jun/2025:00:46:28 +0800] "POST /api/verify.php HTTP/1.1" 403 84 "-" "python-requests/2.22.0"
172.18.0.1 - - [30/Jun/2025:00:46:28 +0800] "GET /api/verify.php?card_key=your_count_card_2&device_id=8bc73892-5f5b-4917-971f-1f381339811c&api_key=37973705320b619f17902e75d7638519 HTTP/1.1" 403 84 "-" "python-requests/2.22.0"
172.18.0.1 - - [30/Jun/2025:00:46:28 +0800] "POST /api/verify.php HTTP/1.1" 403 84 "-" "python-requests/2.22.0"
172.18.0.1 - - [30/Jun/2025:00:46:28 +0800] "POST /api/verify.php HTTP/1.1" 403 84 "-" "python-requests/2.22.0"
172.18.0.1 - - [30/Jun/2025:00:46:28 +0800] "GET /api/verify.php?card_key=iarCLN5op5y4CYgHYUu1&device_id=8bc73892-5f5b-4917-971f-1f381339811c&api_key=37973705320b619f17902e75d7638519 HTTP/1.1" 403 84 "-" "python-requests/2.22.0"
172.18.0.1 - - [30/Jun/2025:00:46:28 +0800] "POST /api/verify.php HTTP/1.1" 403 84 "-" "python-requests/2.22.0"
172.18.0.1 - - [30/Jun/2025:00:46:28 +0800] "POST /api/verify.php HTTP/1.1" 403 84 "-" "python-requests/2.22.0"
172.18.0.1 - - [30/Jun/2025:00:46:28 +0800] "GET /api/verify.php?card_key=test_card_123456&device_id=8bc73892-5f5b-4917-971f-1f381339811c&api_key=37973705320b619f17902e75d7638519 HTTP/1.1" 403 84 "-" "python-requests/2.22.0"
172.18.0.1 - - [30/Jun/2025:00:46:28 +0800] "POST /api/verify.php HTTP/1.1" 403 84 "-" "python-requests/2.22.0"
172.18.0.1 - - [30/Jun/2025:00:46:28 +0800] "POST /api/verify.php HTTP/1.1" 403 84 "-" "python-requests/2.22.0"
127.0.0.1 - - [30/Jun/2025:00:46:33 +0800] "GET / HTTP/1.1" 302 5 "-" "curl/7.81.0"
192.168.85.1 - - [30/Jun/2025:00:46:35 +0800] "GET /home/index.php HTTP/1.1" 200 17440 "http://192.168.85.130:19999/home/api_settings.php" "Mozilla/5.0 (Windows NT 10.0; Win64; x64) AppleWebKit/537.36 (KHTML, like Gecko) Chrome/137.0.0.0 Safari/537.36"
192.168.85.1 - - [30/Jun/2025:00:46:36 +0800] "GET /home/api_settings.php HTTP/1.1" 200 5027 "http://192.168.85.130:19999/home/index.php" "Mozilla/5.0 (Windows NT 10.0; Win64; x64) AppleWebKit/537.36 (KHTML, like Gecko) Chrome/137.0.0.0 Safari/537.36"
172.18.0.1 - - [30/Jun/2025:00:46:49 +0800] "POST /api/verify.php HTTP/1.1" 403 84 "-" "python-requests/2.22.0"
172.18.0.1 - - [30/Jun/2025:00:46:49 +0800] "GET /api/verify.php?card_key=your_time_card_1&device_id=f817fed2-2565-485e-b851-96c022e5fab7&api_key=37973705320b619f17902e75d7638519 HTTP/1.1" 403 84 "-" "python-requests/2.22.0"
172.18.0.1 - - [30/Jun/2025:00:46:49 +0800] "POST /api/verify.php HTTP/1.1" 403 84 "-" "python-requests/2.22.0"
172.18.0.1 - - [30/Jun/2025:00:46:52 +0800] "POST /api/verify.php HTTP/1.1" 403 84 "-" "python-requests/2.22.0"
172.18.0.1 - - [30/Jun/2025:00:46:52 +0800] "POST /api/verify.php HTTP/1.1" 403 84 "-" "python-requests/2.22.0"
172.18.0.1 - - [30/Jun/2025:00:46:52 +0800] "GET /api/verify.php?card_key=your_time_card_2&device_id=f817fed2-2565-485e-b851-96c022e5fab7&api_key=37973705320b619f17902e75d7638519 HTTP/1.1" 403 84 "-" "python-requests/2.22.0"
172.18.0.1 - - [30/Jun/2025:00:46:52 +0800] "POST /api/verify.php HTTP/1.1" 403 84 "-" "python-requests/2.22.0"
172.18.0.1 - - [30/Jun/2025:00:46:52 +0800] "POST /api/verify.php HTTP/1.1" 403 84 "-" "python-requests/2.22.0"
172.18.0.1 - - [30/Jun/2025:00:46:52 +0800] "GET /api/verify.php?card_key=your_count_card_1&device_id=f817fed2-2565-485e-b851-96c022e5fab7&api_key=37973705320b619f17902e75d7638519 HTTP/1.1" 403 84 "-" "python-requests/2.22.0"
172.18.0.1 - - [30/Jun/2025:00:46:52 +0800] "POST /api/verify.php HTTP/1.1" 403 84 "-" "python-requests/2.22.0"
172.18.0.1 - - [30/Jun/2025:00:46:52 +0800] "POST /api/verify.php HTTP/1.1" 403 84 "-" "python-requests/2.22.0"
172.18.0.1 - - [30/Jun/2025:00:46:52 +0800] "GET /api/verify.php?card_key=your_count_card_2&device_id=f817fed2-2565-485e-b851-96c022e5fab7&api_key=37973705320b619f17902e75d7638519 HTTP/1.1" 403 84 "-" "python-requests/2.22.0"
172.18.0.1 - - [30/Jun/2025:00:46:52 +0800] "POST /api/verify.php HTTP/1.1" 403 84 "-" "python-requests/2.22.0"
172.18.0.1 - - [30/Jun/2025:00:46:52 +0800] "POST /api/verify.php HTTP/1.1" 403 84 "-" "python-requests/2.22.0"
172.18.0.1 - - [30/Jun/2025:00:46:52 +0800] "GET /api/verify.php?card_key=iarCLN5op5y4CYgHYUu1&device_id=f817fed2-2565-485e-b851-96c022e5fab7&api_key=37973705320b619f17902e75d7638519 HTTP/1.1" 403 84 "-" "python-requests/2.22.0"
172.18.0.1 - - [30/Jun/2025:00:46:52 +0800] "POST /api/verify.php HTTP/1.1" 403 84 "-" "python-requests/2.22.0"
172.18.0.1 - - [30/Jun/2025:00:46:52 +0800] "POST /api/verify.php HTTP/1.1" 403 84 "-" "python-requests/2.22.0"
172.18.0.1 - - [30/Jun/2025:00:46:52 +0800] "GET /api/verify.php?card_key=test_card_123456&device_id=f817fed2-2565-485e-b851-96c022e5fab7&api_key=37973705320b619f17902e75d7638519 HTTP/1.1" 403 84 "-" "python-requests/2.22.0"
172.18.0.1 - - [30/Jun/2025:00:46:52 +0800] "POST /api/verify.php HTTP/1.1" 403 84 "-" "python-requests/2.22.0"
172.18.0.1 - - [30/Jun/2025:00:46:52 +0800] "POST /api/verify.php HTTP/1.1" 403 84 "-" "python-requests/2.22.0"
127.0.0.1 - - [30/Jun/2025:00:47:04 +0800] "GET / HTTP/1.1" 302 5 "-" "curl/7.81.0"
192.168.85.1 - - [30/Jun/2025:00:47:25 +0800] "POST /home/api_settings.php HTTP/1.1" 200 5064 "http://192.168.85.130:19999/home/api_settings.php" "Mozilla/5.0 (Windows NT 10.0; Win64; x64) AppleWebKit/537.36 (KHTML, like Gecko) Chrome/137.0.0.0 Safari/537.36"
172.18.0.1 - - [30/Jun/2025:00:47:29 +0800] "POST /api/verify.php HTTP/1.1" 400 59 "-" "python-requests/2.22.0"
172.18.0.1 - - [30/Jun/2025:00:47:29 +0800] "GET /api/verify.php?card_key=your_time_card_1&device_id=afd69473-4b91-47d2-9816-c38061b9f7c2&api_key=37973705320b619f17902e75d7638519 HTTP/1.1" 400 59 "-" "python-requests/2.22.0"
172.18.0.1 - - [30/Jun/2025:00:47:29 +0800] "POST /api/verify.php HTTP/1.1" 400 59 "-" "python-requests/2.22.0"
172.18.0.1 - - [30/Jun/2025:00:47:32 +0800] "POST /api/verify.php HTTP/1.1" 400 59 "-" "python-requests/2.22.0"
172.18.0.1 - - [30/Jun/2025:00:47:32 +0800] "POST /api/verify.php HTTP/1.1" 400 59 "-" "python-requests/2.22.0"
172.18.0.1 - - [30/Jun/2025:00:47:32 +0800] "GET /api/verify.php?card_key=your_time_card_2&device_id=afd69473-4b91-47d2-9816-c38061b9f7c2&api_key=37973705320b619f17902e75d7638519 HTTP/1.1" 400 59 "-" "python-requests/2.22.0"
172.18.0.1 - - [30/Jun/2025:00:47:32 +0800] "POST /api/verify.php HTTP/1.1" 400 59 "-" "python-requests/2.22.0"
172.18.0.1 - - [30/Jun/2025:00:47:32 +0800] "POST /api/verify.php HTTP/1.1" 400 59 "-" "python-requests/2.22.0"
172.18.0.1 - - [30/Jun/2025:00:47:32 +0800] "GET /api/verify.php?card_key=your_count_card_1&device_id=afd69473-4b91-47d2-9816-c38061b9f7c2&api_key=37973705320b619f17902e75d7638519 HTTP/1.1" 400 59 "-" "python-requests/2.22.0"
172.18.0.1 - - [30/Jun/2025:00:47:32 +0800] "POST /api/verify.php HTTP/1.1" 400 59 "-" "python-requests/2.22.0"
172.18.0.1 - - [30/Jun/2025:00:47:32 +0800] "POST /api/verify.php HTTP/1.1" 400 59 "-" "python-requests/2.22.0"
172.18.0.1 - - [30/Jun/2025:00:47:32 +0800] "GET /api/verify.php?card_key=your_count_card_2&device_id=afd69473-4b91-47d2-9816-c38061b9f7c2&api_key=37973705320b619f17902e75d7638519 HTTP/1.1" 400 59 "-" "python-requests/2.22.0"
172.18.0.1 - - [30/Jun/2025:00:47:32 +0800] "POST /api/verify.php HTTP/1.1" 400 59 "-" "python-requests/2.22.0"
172.18.0.1 - - [30/Jun/2025:00:47:32 +0800] "POST /api/verify.php HTTP/1.1" 400 59 "-" "python-requests/2.22.0"
172.18.0.1 - - [30/Jun/2025:00:47:32 +0800] "GET /api/verify.php?card_key=iarCLN5op5y4CYgHYUu1&device_id=afd69473-4b91-47d2-9816-c38061b9f7c2&api_key=37973705320b619f17902e75d7638519 HTTP/1.1" 400 59 "-" "python-requests/2.22.0"
172.18.0.1 - - [30/Jun/2025:00:47:32 +0800] "POST /api/verify.php HTTP/1.1" 400 59 "-" "python-requests/2.22.0"
172.18.0.1 - - [30/Jun/2025:00:47:33 +0800] "POST /api/verify.php HTTP/1.1" 400 59 "-" "python-requests/2.22.0"
172.18.0.1 - - [30/Jun/2025:00:47:33 +0800] "GET /api/verify.php?card_key=test_card_123456&device_id=afd69473-4b91-47d2-9816-c38061b9f7c2&api_key=37973705320b619f17902e75d7638519 HTTP/1.1" 400 59 "-" "python-requests/2.22.0"
172.18.0.1 - - [30/Jun/2025:00:47:33 +0800] "POST /api/verify.php HTTP/1.1" 400 59 "-" "python-requests/2.22.0"
172.18.0.1 - - [30/Jun/2025:00:47:33 +0800] "POST /api/verify.php HTTP/1.1" 401 73 "-" "python-requests/2.22.0"
127.0.0.1 - - [30/Jun/2025:00:47:34 +0800] "GET / HTTP/1.1" 302 5 "-" "curl/7.81.0"
127.0.0.1 - - [30/Jun/2025:00:48:04 +0800] "GET / HTTP/1.1" 302 5 "-" "curl/7.81.0"
127.0.0.1 - - [30/Jun/2025:00:48:34 +0800] "GET / HTTP/1.1" 302 5 "-" "curl/7.81.0"
172.18.0.1 - - [30/Jun/2025:00:48:42 +0800] "POST /api/verify.php HTTP/1.1" 400 59 "-" "CardAPITester/2.0"
172.18.0.1 - - [30/Jun/2025:00:48:42 +0800] "POST /api/verify.php HTTP/1.1" 400 59 "-" "CardAPITester/2.0"
172.18.0.1 - - [30/Jun/2025:00:48:42 +0800] "POST /api/verify.php HTTP/1.1" 400 59 "-" "CardAPITester/2.0"
172.18.0.1 - - [30/Jun/2025:00:48:42 +0800] "POST /api/verify.php HTTP/1.1" 400 59 "-" "CardAPITester/2.0"
172.18.0.1 - - [30/Jun/2025:00:48:42 +0800] "POST /api/verify.php HTTP/1.1" 401 73 "-" "CardAPITester/2.0"
172.18.0.1 - - [30/Jun/2025:00:48:42 +0800] "POST /api/verify.php HTTP/1.1" 400 61 "-" "CardAPITester/2.0"
127.0.0.1 - - [30/Jun/2025:00:49:04 +0800] "GET / HTTP/1.1" 302 5 "-" "curl/7.81.0"
127.0.0.1 - - [30/Jun/2025:00:49:34 +0800] "GET / HTTP/1.1" 302 5 "-" "curl/7.81.0"
192.168.85.1 - - [30/Jun/2025:00:49:34 +0800] "GET /home/index.php HTTP/1.1" 200 17440 "http://192.168.85.130:19999/home/api_settings.php" "Mozilla/5.0 (Windows NT 10.0; Win64; x64) AppleWebKit/537.36 (KHTML, like Gecko) Chrome/137.0.0.0 Safari/537.36"
172.18.0.1 - - [30/Jun/2025:00:49:50 +0800] "POST /api/verify.php HTTP/1.1" 400 59 "-" "CardAPITester/2.0"
127.0.0.1 - - [30/Jun/2025:00:50:04 +0800] "GET / HTTP/1.1" 302 5 "-" "curl/7.81.0"
172.18.0.1 - - [30/Jun/2025:00:50:16 +0800] "POST /api/verify.php HTTP/1.1" 400 59 "-" "CardAPITester/2.0"
172.18.0.1 - - [30/Jun/2025:00:50:16 +0800] "POST /api/verify.php HTTP/1.1" 200 256 "-" "CardAPITester/2.0"
172.18.0.1 - - [30/Jun/2025:00:50:18 +0800] "POST /api/verify.php HTTP/1.1" 200 270 "-" "CardAPITester/2.0"
172.18.0.1 - - [30/Jun/2025:00:50:18 +0800] "POST /api/verify.php HTTP/1.1" 400 77 "-" "CardAPITester/2.0"
172.18.0.1 - - [30/Jun/2025:00:50:18 +0800] "POST /api/verify.php HTTP/1.1" 400 59 "-" "CardAPITester/2.0"
172.18.0.1 - - [30/Jun/2025:00:50:18 +0800] "POST /api/verify.php HTTP/1.1" 400 59 "-" "CardAPITester/2.0"
172.18.0.1 - - [30/Jun/2025:00:50:18 +0800] "POST /api/verify.php HTTP/1.1" 400 59 "-" "CardAPITester/2.0"
172.18.0.1 - - [30/Jun/2025:00:50:18 +0800] "POST /api/verify.php HTTP/1.1" 401 73 "-" "CardAPITester/2.0"
172.18.0.1 - - [30/Jun/2025:00:50:18 +0800] "POST /api/verify.php HTTP/1.1" 400 61 "-" "CardAPITester/2.0"
127.0.0.1 - - [30/Jun/2025:00:50:34 +0800] "GET / HTTP/1.1" 302 5 "-" "curl/7.81.0"
192.168.85.1 - - [30/Jun/2025:00:50:39 +0800] "GET /home/index.php?limit=200 HTTP/1.1" 200 29362 "http://192.168.85.130:19999/home/index.php" "Mozilla/5.0 (Windows NT 10.0; Win64; x64) AppleWebKit/537.36 (KHTML, like Gecko) Chrome/137.0.0.0 Safari/537.36"
192.168.85.1 - - [30/Jun/2025:00:50:45 +0800] "GET /home/index.php?page=2&limit=200 HTTP/1.1" 200 23227 "http://192.168.85.130:19999/home/index.php?limit=200" "Mozilla/5.0 (Windows NT 10.0; Win64; x64) AppleWebKit/537.36 (KHTML, like Gecko) Chrome/137.0.0.0 Safari/537.36"
172.18.0.1 - - [30/Jun/2025:00:51:03 +0800] "POST /api/verify.php HTTP/1.1" 400 59 "-" "CardAPITester/2.0"
172.18.0.1 - - [30/Jun/2025:00:51:03 +0800] "POST /api/verify.php HTTP/1.1" 400 77 "-" "CardAPITester/2.0"
172.18.0.1 - - [30/Jun/2025:00:51:03 +0800] "POST /api/verify.php HTTP/1.1" 200 289 "-" "CardAPITester/2.0"
172.18.0.1 - - [30/Jun/2025:00:51:04 +0800] "POST /api/verify.php HTTP/1.1" 403 95 "-" "CardAPITester/2.0"
172.18.0.1 - - [30/Jun/2025:00:51:04 +0800] "POST /api/verify.php HTTP/1.1" 403 131 "-" "CardAPITester/2.0"
127.0.0.1 - - [30/Jun/2025:00:51:04 +0800] "GET / HTTP/1.1" 302 5 "-" "curl/7.81.0"
172.18.0.1 - - [30/Jun/2025:00:51:04 +0800] "POST /api/verify.php HTTP/1.1" 403 131 "-" "CardAPITester/2.0"
172.18.0.1 - - [30/Jun/2025:00:51:04 +0800] "POST /api/verify.php HTTP/1.1" 403 133 "-" "CardAPITester/2.0"
172.18.0.1 - - [30/Jun/2025:00:51:04 +0800] "POST /api/verify.php HTTP/1.1" 401 73 "-" "CardAPITester/2.0"
172.18.0.1 - - [30/Jun/2025:00:51:04 +0800] "POST /api/verify.php HTTP/1.1" 400 61 "-" "CardAPITester/2.0"
127.0.0.1 - - [30/Jun/2025:00:51:34 +0800] "GET / HTTP/1.1" 302 5 "-" "curl/7.81.0"
127.0.0.1 - - [30/Jun/2025:00:52:04 +0800] "GET / HTTP/1.1" 302 5 "-" "curl/7.81.0"
127.0.0.1 - - [30/Jun/2025:00:52:34 +0800] "GET / HTTP/1.1" 302 5 "-" "curl/7.81.0"
127.0.0.1 - - [30/Jun/2025:00:53:04 +0800] "GET / HTTP/1.1" 302 5 "-" "curl/7.81.0"
127.0.0.1 - - [30/Jun/2025:11:51:58 +0800] "GET / HTTP/1.1" 302 5 "-" "curl/7.81.0"
127.0.0.1 - - [30/Jun/2025:11:52:28 +0800] "GET / HTTP/1.1" 302 5 "-" "curl/7.81.0"
127.0.0.1 - - [30/Jun/2025:11:52:58 +0800] "GET / HTTP/1.1" 302 5 "-" "curl/7.81.0"
127.0.0.1 - - [30/Jun/2025:11:53:28 +0800] "GET / HTTP/1.1" 302 5 "-" "curl/7.81.0"
127.0.0.1 - - [30/Jun/2025:11:53:58 +0800] "GET / HTTP/1.1" 302 5 "-" "curl/7.81.0"
172.18.0.1 - - [30/Jun/2025:11:54:25 +0800] "POST /api/verify.php HTTP/1.1" 400 59 "-" "CardAPITester/2.0"
172.18.0.1 - - [30/Jun/2025:11:54:28 +0800] "POST /api/verify.php HTTP/1.1" 400 77 "-" "CardAPITester/2.0"
172.18.0.1 - - [30/Jun/2025:11:54:28 +0800] "POST /api/verify.php HTTP/1.1" 400 77 "-" "CardAPITester/2.0"
172.18.0.1 - - [30/Jun/2025:11:54:28 +0800] "POST /api/verify.php HTTP/1.1" 200 254 "-" "CardAPITester/2.0"
172.18.0.1 - - [30/Jun/2025:11:54:28 +0800] "POST /api/verify.php HTTP/1.1" 200 268 "-" "CardAPITester/2.0"
172.18.0.1 - - [30/Jun/2025:11:54:28 +0800] "POST /api/verify.php HTTP/1.1" 401 73 "-" "CardAPITester/2.0"
172.18.0.1 - - [30/Jun/2025:11:54:28 +0800] "POST /api/verify.php HTTP/1.1" 400 61 "-" "CardAPITester/2.0"
127.0.0.1 - - [30/Jun/2025:11:54:28 +0800] "GET / HTTP/1.1" 302 5 "-" "curl/7.81.0"
127.0.0.1 - - [30/Jun/2025:11:54:58 +0800] "GET / HTTP/1.1" 302 5 "-" "curl/7.81.0"
127.0.0.1 - - [30/Jun/2025:11:55:29 +0800] "GET / HTTP/1.1" 302 5 "-" "curl/7.81.0"
127.0.0.1 - - [30/Jun/2025:11:55:59 +0800] "GET / HTTP/1.1" 302 5 "-" "curl/7.81.0"
127.0.0.1 - - [30/Jun/2025:11:56:29 +0800] "GET / HTTP/1.1" 302 5 "-" "curl/7.81.0"
127.0.0.1 - - [30/Jun/2025:11:56:59 +0800] "GET / HTTP/1.1" 302 5 "-" "curl/7.81.0"
127.0.0.1 - - [30/Jun/2025:11:57:29 +0800] "GET / HTTP/1.1" 302 5 "-" "curl/7.81.0"
127.0.0.1 - - [30/Jun/2025:11:57:59 +0800] "GET / HTTP/1.1" 302 5 "-" "curl/7.81.0"
127.0.0.1 - - [30/Jun/2025:11:58:29 +0800] "GET / HTTP/1.1" 302 5 "-" "curl/7.81.0"
127.0.0.1 - - [30/Jun/2025:11:58:59 +0800] "GET / HTTP/1.1" 302 5 "-" "curl/7.81.0"
127.0.0.1 - - [30/Jun/2025:11:59:29 +0800] "GET / HTTP/1.1" 302 5 "-" "curl/7.81.0"
127.0.0.1 - - [30/Jun/2025:11:59:59 +0800] "GET / HTTP/1.1" 302 5 "-" "curl/7.81.0"
127.0.0.1 - - [30/Jun/2025:12:00:29 +0800] "GET / HTTP/1.1" 302 5 "-" "curl/7.81.0"
